2026-09-17 10:15:01,100 - INFO - Request started - method=GET url=https://httpbin.org/get
2026-09-17 10:15:01,101 - INFO - Attempt 1 - timeout=5 seconds
2026-09-17 10:15:01,450 - INFO - Successful response - status=200 attempt=1
2026-09-17 10:15:01,451 - INFO - Request started - method=GET url=https://httpbin.org/status/503
2026-09-17 10:15:01,452 - INFO - Attempt 1 - timeout=5 seconds
2026-09-17 10:15:01,700 - WARNING - Retrying after HTTP 503 - retry=1 delay=0.5 seconds
2026-09-17 10:15:02,201 - INFO - Attempt 2 - timeout=5 seconds
2026-09-17 10:15:02,450 - WARNING - Retrying after HTTP 503 - retry=2 delay=1.0 seconds
2026-09-17 10:15:03,451 - INFO - Attempt 3 - timeout=5 seconds
2026-09-17 10:15:03,700 - WARNING - Retrying after HTTP 503 - retry=3 delay=2.0 seconds
2026-09-17 10:15:05,701 - INFO - Attempt 4 - timeout=5 seconds
2026-09-17 10:15:05,950 - ERROR - Final failure - HTTP 503
2026-09-17 19:11:03,575 - INFO - Request started - method=GET url=https://httpbin.org/get
2026-09-17 19:11:03,575 - INFO - Attempt 1 - timeout=5 seconds
2026-09-17 19:11:05,878 - INFO - Successful response - status=200 attempt=1
2026-09-17 19:11:05,880 - INFO - Request started - method=GET url=https://httpbin.org/status/503
2026-09-17 19:11:05,880 - INFO - Attempt 1 - timeout=5 seconds
2026-09-17 19:11:06,195 - WARNING - Retrying after HTTP 503 - retry=1 delay=0.5 seconds
2026-09-17 19:11:06,695 - INFO - Attempt 2 - timeout=5 seconds
2026-09-17 19:11:07,049 - WARNING - Retrying after HTTP 503 - retry=2 delay=1.0 seconds
2026-09-17 19:11:08,052 - INFO - Attempt 3 - timeout=5 seconds
2026-09-17 19:11:08,477 - WARNING - Retrying after HTTP 503 - retry=3 delay=2.0 seconds
2026-09-17 19:11:10,486 - INFO - Attempt 4 - timeout=5 seconds
2026-09-17 19:11:11,115 - ERROR - Final failure - HTTP 503
2026-09-17 19:11:18,888 - INFO - Request started - method=GET url=https://httpbin.org/delay/2
2026-09-17 19:11:18,889 - INFO - Attempt 1 - timeout=0.001 seconds
2026-09-17 19:11:19,054 - WARNING - Retrying after request timeout - retry=1 delay=0.0 seconds
2026-09-17 19:11:19,065 - INFO - Attempt 2 - timeout=0.001 seconds
2026-09-17 19:11:19,195 - INFO - Request started - method=GET url=https://httpbin.org/status/404
2026-09-17 19:11:19,195 - INFO - Attempt 1 - timeout=0.001 seconds
2026-09-17 19:11:19,317 - WARNING - Retrying after request timeout - retry=1 delay=0.0 seconds
2026-09-17 19:11:19,328 - INFO - Attempt 2 - timeout=0.001 seconds
2026-09-17 19:11:30,233 - INFO - Request started - method=GET url=https://httpbin.org/status/404
2026-09-17 19:11:30,234 - INFO - Attempt 1 - timeout=5 seconds
